cat <<EOF1 |
Here doc 1
EOF1
while true; do
    true;
done;
