cat <<EOF1 ||
Here doc 1
EOF1
cat <<EOF2;
Here doc 2
EOF2
