for x in true; do
    true;
done;
while true; do
    true;
done;
