for x in true; do
    for y in true; do
        cat <<EOF;
here doc
EOF
        true;
    done;
done;
