for x in true; do
    for y in true; do
        true;
    done;
done;
