cmd;
cmd1 | cmd2;
time cmd1 | cmd2;
time -p cmd1 | cmd2;
! cmd1 | cmd2;
time -p ! cmd1 | cmd2;
cmd1 && cmd2;
cmd1 || cmd2;
